ott660393 Lycium_acutifolium
ott612893 Lycium_afrum
ott40032 Lycium_ameghinoi
ott40034 Lycium_americanum
ott660388 Lycium_amoenum
ott6091944 Lycium_anatolicum
ott1004203 Lycium_andersonii
ott970947 Lycium_arenicola
ott6091945 Lycium_argentino-cestroides
ott6091946 Lycium_armatum
ott6091947 Lycium_arochae
ott660390 Lycium_athium
ott40036 Lycium_australe
ott6091948 Lycium_bachmannii
ott40038 Lycium_barbarum
ott6091949 Lycium_barbinodum
ott40045 Lycium_berlandieri
ott6091950 Lycium_boerhaaviifolium
ott596960 Lycium_bosciifolium
ott6091951 Lycium_brachyanthum
ott109761 Lycium_brevipes
ott40052 Lycium_californicum
ott3870207 Lycium_caroliniaum
ott232465 Lycium_cestroides
ott660384 Lycium_chanar
ott814797 Lycium_chilense
ott58730 Lycium_chinense
ott6091952 Lycium_ciliato-elongatum
ott814816 Lycium_ciliatum
ott560951 Lycium_cinereum
ott6091953 Lycium_cochinchinense
ott6091954 Lycium_confusum
ott109758 Lycium_cooperi
ott596962 Lycium_cuneatum
ott6091955 Lycium_cyathiforme
ott5627 Lycium_cylindricum
ott798223 Lycium_dasystemum
ott660386 Lycium_decumbens
ott6091956 Lycium_densifolium
ott131407 Lycium_deserti
ott6091957 Lycium_distichum
ott5232846 Lycium_edgeworthii
ott560949 Lycium_elongatum
ott650743 Lycium_exsertum
ott6091958 Lycium_fagosum
ott560945 Lycium_ferocissimum
ott5784109 Lycium_filifolium
ott6091959 Lycium_flexicaule
ott109764 Lycium_fremontii
ott86082 Lycium_fuscum
ott596956 Lycium_gilliesianum
ott86086 Lycium_grandicalyx
ott6091960 Lycium_grevilleanum
ott6091961 Lycium_hantamense
ott3870205 Lycium_hassei
ott596958 Lycium_hirsutum
ott596968 Lycium_horridum
ott6091962 Lycium_humile
ott6091963 Lycium_imbricatum
ott6091964 Lycium_indicum
ott596971 Lycium_infaustum
ott596964 Lycium_intricatum
ott6091965 Lycium_kopetdaghi
ott6091966 Lycium_lanceolatum
ott86084 Lycium_leiospermum
ott6091967 Lycium_leiostemum
ott109771 Lycium_macrodon
ott6091968 Lycium_makranicum
ott5784116 Lycium_martii
ott86071 Lycium_mascarenense
ott6091969 Lycium_megacarpum
ott6091970 Lycium_microphyllum
ott86069 Lycium_minimum
ott86076 Lycium_minutifolium
ott560943 Lycium_morongii
ott596966 Lycium_nodosum
ott6091971 Lycium_obovatum
ott596951 Lycium_oxycarpum
ott560940 Lycium_pallidum
ott109769 Lycium_parishii
ott6091972 Lycium_peninsulare
ott6091973 Lycium_petraeum
ott560938 Lycium_pilifolium
ott560968 Lycium_prunus-spinosa
ott31869 Lycium_puberulum
ott6091974 Lycium_pubitubum
ott86074 Lycium_pumilum
ott6091975 Lycium_qingshuigeense
ott1073850 Lycium_qingshuiheense
ott6091976 Lycium_quadrifidum
ott86090 Lycium_rachidocladum
ott6091977 Lycium_retusum
ott560965 Lycium_ruthenicum
ott194443 Lycium_sandwicense
ott6091978 Lycium_schaffneri
ott913565 Lycium_schizocalyx
ott6091979 Lycium_schreiteri
ott814789 Lycium_shawii
ott109774 Lycium_shockleyi
ott6091980 Lycium_sinense
ott6091981 Lycium_sokotranum
ott6091982 Lycium_spathulatum
ott505217 Lycium_stenophyllum
ott505219 Lycium_strandveldense
ott814776 Lycium_tenue
ott24215 Lycium_tenuispinosum
ott814854 Lycium_tetrandrum
ott24212 Lycium_texanum
ott735524 Lycium_torreyi
ott194441 Lycium_villosum
ott24219 Lycium_vimineum
